Flow report for DE1_SoC_Computer
Sun Mar 16 17:31:15 2025
Quartus Prime Version 18.1.0 Build 625 09/12/2018 SJ Lite Edition


---------------------
; Table of Contents ;
---------------------
  1. Legal Notice
  2. Flow Summary
  3. Flow Settings
  4. Flow Non-Default Global Settings
  5. Flow Elapsed Time
  6. Flow OS Summary
  7. Flow Log
  8. Flow Messages
  9. Flow Suppressed Messages



----------------
; Legal Notice ;
----------------
Copyright (C) 2018  Intel Corporation. All rights reserved.
Your use of Intel Corporation's design tools, logic functions 
and other software and tools, and its AMPP partner logic 
functions, and any output files from any of the foregoing 
(including device programming or simulation files), and any 
associated documentation or information are expressly subject 
to the terms and conditions of the Intel Program License 
Subscription Agreement, the Intel Quartus Prime License Agreement,
the Intel FPGA IP License Agreement, or other applicable license
agreement, including, without limitation, that your use is for
the sole purpose of programming logic devices manufactured by
Intel and sold by Intel or its authorized distributors.  Please
refer to the applicable agreement for further details.



+-------------------------------------------------------------------------------+
; Flow Summary                                                                  ;
+---------------------------------+---------------------------------------------+
; Flow Status                     ; Successful - Sun Mar 16 17:30:31 2025       ;
; Quartus Prime Version           ; 18.1.0 Build 625 09/12/2018 SJ Lite Edition ;
; Revision Name                   ; DE1_SoC_Computer                            ;
; Top-level Entity Name           ; DE1_SoC_Computer                            ;
; Family                          ; Cyclone V                                   ;
; Device                          ; 5CSEMA5F31C6                                ;
; Timing Models                   ; Final                                       ;
; Logic utilization (in ALMs)     ; 1,522 / 32,070 ( 5 % )                      ;
; Total registers                 ; 3313                                        ;
; Total pins                      ; 368 / 457 ( 81 % )                          ;
; Total virtual pins              ; 0                                           ;
; Total block memory bits         ; 1,605,632 / 4,065,280 ( 39 % )              ;
; Total DSP Blocks                ; 0 / 87 ( 0 % )                              ;
; Total HSSI RX PCSs              ; 0                                           ;
; Total HSSI PMA RX Deserializers ; 0                                           ;
; Total HSSI TX PCSs              ; 0                                           ;
; Total HSSI PMA TX Serializers   ; 0                                           ;
; Total PLLs                      ; 2 / 6 ( 33 % )                              ;
; Total DLLs                      ; 1 / 4 ( 25 % )                              ;
+---------------------------------+---------------------------------------------+


+-----------------------------------------+
; Flow Settings                           ;
+-------------------+---------------------+
; Option            ; Setting             ;
+-------------------+---------------------+
; Start date & time ; 03/16/2025 17:24:04 ;
; Main task         ; Compilation         ;
; Revision Name     ; DE1_SoC_Computer    ;
+-------------------+---------------------+


+----------------------------------------------------------------------------------------------------------------------------------------------------------------------------------------------------------------------------------------------------------------------+
; Flow Non-Default Global Settings                                                                                                                                                                                                                                     ;
+-------------------------------------+--------------------------------------------------------------------------------------------------------------------------------------------------+---------------+------------------------------------------+------------------+
; Assignment Name                     ; Value                                                                                                                                            ; Default Value ; Entity Name                              ; Section Id       ;
+-------------------------------------+--------------------------------------------------------------------------------------------------------------------------------------------------+---------------+------------------------------------------+------------------+
; COMPILER_SIGNATURE_ID               ; 9413550628526.174216024000100                                                                                                                    ; --            ; --                                       ; --               ;
; ENABLE_SIGNALTAP                    ; On                                                                                                                                               ; --            ; --                                       ; --               ;
; HPS_ISW_FILE                        ; Computer_System/synthesis/submodules/sequencer/alt_types.pre.h                                                                                   ; --            ; Computer_System_ARM_A9_HPS_hps_io_border ; --               ;
; HPS_ISW_FILE                        ; Computer_System/synthesis/submodules/sequencer/emif.pre.xml                                                                                      ; --            ; Computer_System_ARM_A9_HPS_hps_io_border ; --               ;
; HPS_ISW_FILE                        ; Computer_System/synthesis/submodules/sequencer/sdram_io.pre.h                                                                                    ; --            ; Computer_System_ARM_A9_HPS_hps_io_border ; --               ;
; HPS_ISW_FILE                        ; Computer_System/synthesis/submodules/sequencer/sequencer.pre.c                                                                                   ; --            ; Computer_System_ARM_A9_HPS_hps_io_border ; --               ;
; HPS_ISW_FILE                        ; Computer_System/synthesis/submodules/sequencer/sequencer.pre.h                                                                                   ; --            ; Computer_System_ARM_A9_HPS_hps_io_border ; --               ;
; HPS_ISW_FILE                        ; Computer_System/synthesis/submodules/sequencer/sequencer_auto.pre.h                                                                              ; --            ; Computer_System_ARM_A9_HPS_hps_io_border ; --               ;
; HPS_ISW_FILE                        ; Computer_System/synthesis/submodules/sequencer/sequencer_auto_ac_init.pre.c                                                                      ; --            ; Computer_System_ARM_A9_HPS_hps_io_border ; --               ;
; HPS_ISW_FILE                        ; Computer_System/synthesis/submodules/sequencer/sequencer_auto_inst_init.pre.c                                                                    ; --            ; Computer_System_ARM_A9_HPS_hps_io_border ; --               ;
; HPS_ISW_FILE                        ; Computer_System/synthesis/submodules/sequencer/sequencer_defines.pre.h                                                                           ; --            ; Computer_System_ARM_A9_HPS_hps_io_border ; --               ;
; HPS_ISW_FILE                        ; Computer_System/synthesis/submodules/sequencer/system.pre.h                                                                                      ; --            ; Computer_System_ARM_A9_HPS_hps_io_border ; --               ;
; HPS_ISW_FILE                        ; Computer_System/synthesis/submodules/sequencer/tclrpt.pre.c                                                                                      ; --            ; Computer_System_ARM_A9_HPS_hps_io_border ; --               ;
; HPS_ISW_FILE                        ; Computer_System/synthesis/submodules/sequencer/tclrpt.pre.h                                                                                      ; --            ; Computer_System_ARM_A9_HPS_hps_io_border ; --               ;
; HPS_ISW_FILE                        ; Computer_System/synthesis/submodules/hps.pre.xml                                                                                                 ; --            ; Computer_System_ARM_A9_HPS_hps_io_border ; --               ;
; HPS_PARTITION                       ; On                                                                                                                                               ; --            ; Computer_System_ARM_A9_HPS_hps_io_border ; --               ;
; MAX_CORE_JUNCTION_TEMP              ; 85                                                                                                                                               ; --            ; --                                       ; --               ;
; MIN_CORE_JUNCTION_TEMP              ; 0                                                                                                                                                ; --            ; --                                       ; --               ;
; MISC_FILE                           ; Computer_System/synthesis/../Computer_System.cmp                                                                                                 ; --            ; --                                       ; --               ;
; MISC_FILE                           ; Computer_System/synthesis/../../G                                                                                                                ; --            ; --                                       ; --               ;
; MISC_FILE                           ; Computer_System/synthesis/Computer_System_ARM_A9_HPS_hps.svd                                                                                     ; --            ; --                                       ; --               ;
; MISC_FILE                           ; Computer_System/synthesis/../../Computer_System.qsys                                                                                             ; --            ; --                                       ; --               ;
; MISC_FILE                           ; Computer_System/synthesis/submodules/sequencer/alt_types.pre.h                                                                                   ; --            ; --                                       ; --               ;
; MISC_FILE                           ; Computer_System/synthesis/submodules/sequencer/emif.pre.xml                                                                                      ; --            ; --                                       ; --               ;
; MISC_FILE                           ; Computer_System/synthesis/submodules/sequencer/sdram_io.pre.h                                                                                    ; --            ; --                                       ; --               ;
; MISC_FILE                           ; Computer_System/synthesis/submodules/sequencer/sequencer.pre.c                                                                                   ; --            ; --                                       ; --               ;
; MISC_FILE                           ; Computer_System/synthesis/submodules/sequencer/sequencer.pre.h                                                                                   ; --            ; --                                       ; --               ;
; MISC_FILE                           ; Computer_System/synthesis/submodules/sequencer/sequencer_auto.pre.h                                                                              ; --            ; --                                       ; --               ;
; MISC_FILE                           ; Computer_System/synthesis/submodules/sequencer/sequencer_auto_ac_init.pre.c                                                                      ; --            ; --                                       ; --               ;
; MISC_FILE                           ; Computer_System/synthesis/submodules/sequencer/sequencer_auto_inst_init.pre.c                                                                    ; --            ; --                                       ; --               ;
; MISC_FILE                           ; Computer_System/synthesis/submodules/sequencer/sequencer_defines.pre.h                                                                           ; --            ; --                                       ; --               ;
; MISC_FILE                           ; Computer_System/synthesis/submodules/sequencer/system.pre.h                                                                                      ; --            ; --                                       ; --               ;
; MISC_FILE                           ; Computer_System/synthesis/submodules/sequencer/tclrpt.pre.c                                                                                      ; --            ; --                                       ; --               ;
; MISC_FILE                           ; Computer_System/synthesis/submodules/sequencer/tclrpt.pre.h                                                                                      ; --            ; --                                       ; --               ;
; MISC_FILE                           ; Computer_System/synthesis/submodules/hps.pre.xml                                                                                                 ; --            ; --                                       ; --               ;
; NUM_PARALLEL_PROCESSORS             ; All                                                                                                                                              ; --            ; --                                       ; --               ;
; PARTITION_COLOR                     ; -- (Not supported for targeted family)                                                                                                           ; --            ; --                                       ; Top              ;
; PARTITION_FITTER_PRESERVATION_LEVEL ; -- (Not supported for targeted family)                                                                                                           ; --            ; --                                       ; Top              ;
; PARTITION_NETLIST_TYPE              ; -- (Not supported for targeted family)                                                                                                           ; --            ; --                                       ; Top              ;
; POWER_BOARD_THERMAL_MODEL           ; None (CONSERVATIVE)                                                                                                                              ; --            ; --                                       ; --               ;
; POWER_PRESET_COOLING_SOLUTION       ; 23 MM HEAT SINK WITH 200 LFPM AIRFLOW                                                                                                            ; --            ; --                                       ; --               ;
; SLD_FILE                            ; Computer_System/synthesis/Computer_System.regmap                                                                                                 ; --            ; --                                       ; --               ;
; SLD_FILE                            ; Computer_System/synthesis/Computer_System.debuginfo                                                                                              ; --            ; --                                       ; --               ;
; SLD_FILE                            ; db/debug_silence_detection_auto_stripped.stp                                                                                                     ; --            ; --                                       ; --               ;
; SLD_INFO                            ; QSYS_NAME Computer_System HAS_SOPCINFO 1 GENERATION_ID 1644594906                                                                                ; --            ; Computer_System                          ; --               ;
; SLD_NODE_CREATOR_ID                 ; 110                                                                                                                                              ; --            ; --                                       ; auto_signaltap_0 ;
; SLD_NODE_ENTITY_NAME                ; sld_signaltap                                                                                                                                    ; --            ; --                                       ; auto_signaltap_0 ;
; SLD_NODE_PARAMETER_ASSIGNMENT       ; SLD_RAM_BLOCK_TYPE=AUTO                                                                                                                          ; --            ; --                                       ; auto_signaltap_0 ;
; SLD_NODE_PARAMETER_ASSIGNMENT       ; SLD_NODE_INFO=805334528                                                                                                                          ; --            ; --                                       ; auto_signaltap_0 ;
; SLD_NODE_PARAMETER_ASSIGNMENT       ; SLD_POWER_UP_TRIGGER=0                                                                                                                           ; --            ; --                                       ; auto_signaltap_0 ;
; SLD_NODE_PARAMETER_ASSIGNMENT       ; SLD_ATTRIBUTE_MEM_MODE=OFF                                                                                                                       ; --            ; --                                       ; auto_signaltap_0 ;
; SLD_NODE_PARAMETER_ASSIGNMENT       ; SLD_STATE_FLOW_USE_GENERATED=0                                                                                                                   ; --            ; --                                       ; auto_signaltap_0 ;
; SLD_NODE_PARAMETER_ASSIGNMENT       ; SLD_STATE_BITS=11                                                                                                                                ; --            ; --                                       ; auto_signaltap_0 ;
; SLD_NODE_PARAMETER_ASSIGNMENT       ; SLD_BUFFER_FULL_STOP=1                                                                                                                           ; --            ; --                                       ; auto_signaltap_0 ;
; SLD_NODE_PARAMETER_ASSIGNMENT       ; SLD_CURRENT_RESOURCE_WIDTH=1                                                                                                                     ; --            ; --                                       ; auto_signaltap_0 ;
; SLD_NODE_PARAMETER_ASSIGNMENT       ; SLD_INCREMENTAL_ROUTING=1                                                                                                                        ; --            ; --                                       ; auto_signaltap_0 ;
; SLD_NODE_PARAMETER_ASSIGNMENT       ; SLD_TRIGGER_LEVEL=1                                                                                                                              ; --            ; --                                       ; auto_signaltap_0 ;
; SLD_NODE_PARAMETER_ASSIGNMENT       ; SLD_TRIGGER_IN_ENABLED=0                                                                                                                         ; --            ; --                                       ; auto_signaltap_0 ;
; SLD_NODE_PARAMETER_ASSIGNMENT       ; SLD_TRIGGER_PIPELINE=0                                                                                                                           ; --            ; --                                       ; auto_signaltap_0 ;
; SLD_NODE_PARAMETER_ASSIGNMENT       ; SLD_RAM_PIPELINE=0                                                                                                                               ; --            ; --                                       ; auto_signaltap_0 ;
; SLD_NODE_PARAMETER_ASSIGNMENT       ; SLD_COUNTER_PIPELINE=0                                                                                                                           ; --            ; --                                       ; auto_signaltap_0 ;
; SLD_NODE_PARAMETER_ASSIGNMENT       ; SLD_TRIGGER_LEVEL_PIPELINE=1                                                                                                                     ; --            ; --                                       ; auto_signaltap_0 ;
; SLD_NODE_PARAMETER_ASSIGNMENT       ; SLD_SEGMENT_SIZE=16384                                                                                                                           ; --            ; --                                       ; auto_signaltap_0 ;
; SLD_NODE_PARAMETER_ASSIGNMENT       ; SLD_SAMPLE_DEPTH=16384                                                                                                                           ; --            ; --                                       ; auto_signaltap_0 ;
; SLD_NODE_PARAMETER_ASSIGNMENT       ; SLD_ENABLE_ADVANCED_TRIGGER=1                                                                                                                    ; --            ; --                                       ; auto_signaltap_0 ;
; SLD_NODE_PARAMETER_ASSIGNMENT       ; SLD_STORAGE_QUALIFIER_GAP_RECORD=1                                                                                                               ; --            ; --                                       ; auto_signaltap_0 ;
; SLD_NODE_PARAMETER_ASSIGNMENT       ; SLD_STORAGE_QUALIFIER_MODE=TRANSITIONAL                                                                                                          ; --            ; --                                       ; auto_signaltap_0 ;
; SLD_NODE_PARAMETER_ASSIGNMENT       ; SLD_DATA_BITS=96                                                                                                                                 ; --            ; --                                       ; auto_signaltap_0 ;
; SLD_NODE_PARAMETER_ASSIGNMENT       ; SLD_TRIGGER_BITS=96                                                                                                                              ; --            ; --                                       ; auto_signaltap_0 ;
; SLD_NODE_PARAMETER_ASSIGNMENT       ; SLD_STORAGE_QUALIFIER_BITS=96                                                                                                                    ; --            ; --                                       ; auto_signaltap_0 ;
; SLD_NODE_PARAMETER_ASSIGNMENT       ; SLD_INVERSION_MASK=00000000000000000000000000000000000000000000000000000000000000000000000000000000000000000000000000000000000000000000000000000 ; --            ; --                                       ; auto_signaltap_0 ;
; SLD_NODE_PARAMETER_ASSIGNMENT       ; SLD_INVERSION_MASK_LENGTH=125                                                                                                                    ; --            ; --                                       ; auto_signaltap_0 ;
; SLD_NODE_PARAMETER_ASSIGNMENT       ; SLD_STORAGE_QUALIFIER_INVERSION_MASK_LENGTH=97                                                                                                   ; --            ; --                                       ; auto_signaltap_0 ;
; SLD_NODE_PARAMETER_ASSIGNMENT       ; SLD_ADVANCED_TRIGGER_ENTITY=sld_reserved_DE1_SoC_Computer_auto_signaltap_0_1_d433,                                                               ; --            ; --                                       ; auto_signaltap_0 ;
; SOPCINFO_FILE                       ; Computer_System/synthesis/../../Computer_System.sopcinfo                                                                                         ; --            ; --                                       ; --               ;
; SYNTHESIS_ONLY_QIP                  ; On                                                                                                                                               ; --            ; --                                       ; --               ;
; USE_SIGNALTAP_FILE                  ; debug_silence_detection.stp                                                                                                                      ; --            ; --                                       ; --               ;
+-------------------------------------+--------------------------------------------------------------------------------------------------------------------------------------------------+---------------+------------------------------------------+------------------+


+--------------------------------------------------------------------------------------------------------------------------+
; Flow Elapsed Time                                                                                                        ;
+----------------------+--------------+-------------------------+---------------------+------------------------------------+
; Module Name          ; Elapsed Time ; Average Processors Used ; Peak Virtual Memory ; Total CPU Time (on all processors) ;
+----------------------+--------------+-------------------------+---------------------+------------------------------------+
; Analysis & Synthesis ; 00:01:24     ; 1.0                     ; 5201 MB             ; 00:01:02                           ;
; Fitter               ; 00:02:28     ; 1.2                     ; 8202 MB             ; 00:03:06                           ;
; Assembler            ; 00:00:10     ; 1.0                     ; 4947 MB             ; 00:00:10                           ;
; Timing Analyzer      ; 00:00:43     ; 1.5                     ; 5873 MB             ; 00:00:51                           ;
; Total                ; 00:04:45     ; --                      ; --                  ; 00:05:09                           ;
+----------------------+--------------+-------------------------+---------------------+------------------------------------+


+------------------------------------------------------------------------------------+
; Flow OS Summary                                                                    ;
+----------------------+------------------+------------+------------+----------------+
; Module Name          ; Machine Hostname ; OS Name    ; OS Version ; Processor type ;
+----------------------+------------------+------------+------------+----------------+
; Analysis & Synthesis ; nicholas-g       ; Windows 10 ; 10.0       ; x86_64         ;
; Fitter               ; nicholas-g       ; Windows 10 ; 10.0       ; x86_64         ;
; Assembler            ; nicholas-g       ; Windows 10 ; 10.0       ; x86_64         ;
; Timing Analyzer      ; nicholas-g       ; Windows 10 ; 10.0       ; x86_64         ;
+----------------------+------------------+------------+------------+----------------+


------------
; Flow Log ;
------------
quartus_map --read_settings_files=on --write_settings_files=off DE1_SoC_Computer -c DE1_SoC_Computer
quartus_fit --read_settings_files=off --write_settings_files=off DE1_SoC_Computer -c DE1_SoC_Computer
quartus_asm --read_settings_files=off --write_settings_files=off DE1_SoC_Computer -c DE1_SoC_Computer
quartus_sta DE1_SoC_Computer -c DE1_SoC_Computer



